// Vitest Snapshot v1, https://vitest.dev/guide/snapshot.html

exports[`db > readDatabase > returns > the contents of the database. 1`] = `
{
  "auth": [
    {
      "id": "8dd01190-e7c4-44f5-bcff-739565d8ea5a",
      "password": "$2a$10$3vHJMxWUCFcN/bjE4KSane1ui3bpDpuNYfxDvnZdOcFXD9zxtIc3m",
    },
    {
      "id": "064613d2-1698-49a7-87dd-2cfb03ad35c5",
      "password": "$2a$10$3vHJMxWUCFcN/bjE4KSane1ui3bpDpuNYfxDvnZdOcFXD9zxtIc3m",
    },
    {
      "id": "3cdfc529-4451-4efa-b8b2-c84c3c210cc5",
      "password": "$2a$10$OlP51FuJPRE8kfbPPeFFuOPyAtoiLe.pTu6tcAdxaE9pS5CymsJnO",
    },
  ],
  "bookings": [
    {
      "carId": "4ec570ea-3afd-4fad-af60-dad23d4c7d37",
      "endDate": "2025-01-25T19:00:00.000Z",
      "insuranceId": "f2e76ffa-8c6c-47ef-bfa8-8aef6e685d1d",
      "optionId": "13744176-67c5-4f9e-bf01-204dd95ba3e5",
      "price": 901.2,
      "startDate": "2025-01-18T12:00:00.000Z",
      "userId": "8dd01190-e7c4-44f5-bcff-739565d8ea5a",
    },
    {
      "carId": "4ec570ea-3afd-4fad-af60-dad23d4c7d37",
      "endDate": "2025-02-04T12:00:00.000Z",
      "insuranceId": "b63aecc9-1e5c-44ec-8337-3919c7f6f012",
      "optionId": "901c3cd0-8619-4259-a51b-0c994f986833",
      "price": 326.13,
      "startDate": "2025-02-02T12:00:00.000Z",
      "userId": "8dd01190-e7c4-44f5-bcff-739565d8ea5a",
    },
  ],
  "cars": [
    {
      "automatic": false,
      "brand": "Rustleaf",
      "class": "Compact Class",
      "dailyRate": 80,
      "id": "2e9d49ac-ec6f-41e5-b04a-f7b58cb08d37",
      "imageURL": "2e9d49ac-ec6f-41e5-b04a-f7b58cb08d37.jpg",
      "name": "Traveler",
      "seats": "5",
      "type": "Station Wagon",
    },
    {
      "automatic": true,
      "brand": "Nightfall",
      "class": "Compact Class",
      "dailyRate": 94,
      "id": "4ec570ea-3afd-4fad-af60-dad23d4c7d37",
      "imageURL": "4ec570ea-3afd-4fad-af60-dad23d4c7d37.jpg",
      "name": "Rambler",
      "seats": "5",
      "type": "Station Wagon",
    },
  ],
  "insurances": [
    {
      "id": "f2e76ffa-8c6c-47ef-bfa8-8aef6e685d1d",
      "name": "No insurance",
      "price": 0,
      "text": "Excess up to the value of the vehicle",
    },
    {
      "id": "8164aff9-4621-4c9b-a882-b95d54547c0f",
      "name": "Basic insurance",
      "price": 8.4,
      "text": "Excess up to 2.000 €",
    },
    {
      "id": "b63aecc9-1e5c-44ec-8337-3919c7f6f012",
      "name": "Smart insurance",
      "price": 14.71,
      "text": "The insurance provides full cover without a deductible.",
    },
    {
      "id": "2c51ef95-173b-4e72-9a32-e7c13c361353",
      "name": "Fits all needs insurance",
      "price": 26.87,
      "text": "The insurance provides full cover without a deductible including mobility service.",
    },
  ],
  "options": [
    {
      "id": "901c3cd0-8619-4259-a51b-0c994f986833",
      "name": "Low Mileage",
      "price": 0,
      "text": "Includes 250 kilometers a day (0,92 ct per additional kilometer).",
    },
    {
      "id": "13744176-67c5-4f9e-bf01-204dd95ba3e5",
      "name": "Frequent Drivers",
      "price": 18.65,
      "text": "Includes 1250 kilometers a day (0,63 ct per additional kilometer).",
    },
    {
      "id": "1590d19d-833f-4c69-a604-9ce3c0c58527",
      "name": "All inclusive",
      "price": 126.3,
      "text": "Unlimited kilometers for those you want to travel far.",
    },
    {
      "id": "a58e5932-3356-4151-966f-ff4b536b1d5f",
      "name": "Luxury",
      "price": 126.3,
      "text": "The realy all inclusive package including a driver (limousines only).",
    },
  ],
  "users": [
    {
      "address": {
        "houseNumber": "54",
        "locality": "Jersey City",
        "street": "Garrison Ave",
        "zipCode": "NJ 07306",
      },
      "dateOfBirth": "2000-01-13",
      "driversLicense": "F352GGE4711",
      "email": "danieldeskclerk@example.com",
      "firstName": "Daniel",
      "id": "8dd01190-e7c4-44f5-bcff-739565d8ea5a",
      "lastName": "Deskclerk",
    },
    {
      "address": {
        "houseNumber": "30",
        "locality": "Jersey City",
        "street": "Corbin Ave",
        "zipCode": "NJ 07306",
      },
      "dateOfBirth": "2003-05-27",
      "driversLicense": "G471GXS0815",
      "email": "hannahappy@example.com",
      "firstName": "Hanna",
      "id": "064613d2-1698-49a7-87dd-2cfb03ad35c5",
      "lastName": "Happy",
    },
    {
      "address": {
        "houseNumber": "54",
        "locality": "Jersey City",
        "street": "Garrison Ave",
        "zipCode": "NJ 07306",
      },
      "dateOfBirth": "2000-01-13",
      "driversLicense": "F352GGE4711",
      "email": "missingauth@example.com",
      "firstName": "Missing",
      "id": "5e7b3820-e71f-4af1-bcfe-6bde1f20df5e",
      "lastName": "Auth",
    },
  ],
}
`;
